[11:29:21] [Datafixer Bootstrap/INFO]: 278 Datafixer optimizations took 427 milliseconds
[11:29:25] [Render thread/INFO]: Environment: Environment[sessionHost=https://sessionserver.mojang.com, servicesHost=https://api.minecraftservices.com, profilesHost=https://api.mojang.com, name=PROD]
[11:29:25] [Render thread/INFO]: Setting user: Ultramanos01
[11:29:25] [Render thread/INFO]: Backend library: LWJGL version 3.3.3+5
[11:29:26] [Render thread/INFO]: Using optional rendering extensions: GL_ARB_buffer_storage, GL_KHR_debug, GL_ARB_vertex_attrib_binding, GL_ARB_direct_state_access
[11:29:26] [Render thread/INFO]: Reloading ResourceManager: vanilla
[11:29:26] [Worker-Main-14/INFO]: Found unifont_pua-16.0.03.hex, loading
[11:29:26] [Worker-Main-8/INFO]: Found unifont_all_no_pua-16.0.03.hex, loading
[11:29:26] [Worker-Main-9/INFO]: Found unifont_jp_patch-16.0.03.hex, loading
[11:29:28] [Render thread/INFO]: OpenAL initialized on device OpenAL Soft on Fones de ouvido (QCY H3 Stereo)
[11:29:28] [Render thread/INFO]: Sound engine started
[11:29:28] [Render thread/INFO]: Created: 512x256x0 minecraft:textures/atlas/particles.png-atlas
[11:29:28] [Render thread/INFO]: Created: 128x64x0 minecraft:textures/atlas/decorated_pot.png-atlas
[11:29:28] [Render thread/INFO]: Created: 2048x1024x0 minecraft:textures/atlas/armor_trims.png-atlas
[11:29:28] [Render thread/INFO]: Created: 512x256x0 minecraft:textures/atlas/paintings.png-atlas
[11:29:28] [Render thread/INFO]: Created: 512x512x0 minecraft:textures/atlas/shield_patterns.png-atlas
[11:29:28] [Render thread/INFO]: Created: 1024x512x4 minecraft:textures/atlas/blocks.png-atlas
[11:29:28] [Render thread/INFO]: Created: 512x256x0 minecraft:textures/atlas/chest.png-atlas
[11:29:28] [Render thread/INFO]: Created: 512x512x0 minecraft:textures/atlas/banner_patterns.png-atlas
[11:29:28] [Render thread/INFO]: Created: 512x256x0 minecraft:textures/atlas/beds.png-atlas
[11:29:28] [Render thread/INFO]: Created: 1024x512x0 minecraft:textures/atlas/gui.png-atlas
[11:29:28] [Render thread/INFO]: Created: 64x64x0 minecraft:textures/atlas/map_decorations.png-atlas
[11:29:28] [Render thread/INFO]: Created: 256x256x0 minecraft:textures/atlas/signs.png-atlas
[11:29:28] [Render thread/INFO]: Created: 512x256x0 minecraft:textures/atlas/shulker_boxes.png-atlas
[11:30:23] [Render thread/INFO]: Reloading ResourceManager: vanilla
[11:30:24] [Worker-Main-2/INFO]: Found unifont_pua-16.0.03.hex, loading
[11:30:24] [Worker-Main-1/INFO]: Found unifont_all_no_pua-16.0.03.hex, loading
[11:30:24] [Worker-Main-11/INFO]: Found unifont_jp_patch-16.0.03.hex, loading
[11:30:24] [Render thread/INFO]: OpenAL initialized on device OpenAL Soft on Fones de ouvido (QCY H3 Stereo)
[11:30:24] [Render thread/INFO]: Sound engine started
[11:30:24] [Render thread/INFO]: Created: 512x256x0 minecraft:textures/atlas/particles.png-atlas
[11:30:24] [Render thread/INFO]: Created: 128x64x0 minecraft:textures/atlas/decorated_pot.png-atlas
[11:30:24] [Render thread/INFO]: Created: 2048x1024x0 minecraft:textures/atlas/armor_trims.png-atlas
[11:30:24] [Render thread/INFO]: Created: 512x256x0 minecraft:textures/atlas/paintings.png-atlas
[11:30:24] [Render thread/INFO]: Created: 512x512x0 minecraft:textures/atlas/shield_patterns.png-atlas
[11:30:24] [Render thread/INFO]: Created: 1024x512x4 minecraft:textures/atlas/blocks.png-atlas
[11:30:24] [Render thread/INFO]: Created: 512x256x0 minecraft:textures/atlas/chest.png-atlas
[11:30:24] [Render thread/INFO]: Created: 512x512x0 minecraft:textures/atlas/banner_patterns.png-atlas
[11:30:24] [Render thread/INFO]: Created: 512x256x0 minecraft:textures/atlas/beds.png-atlas
[11:30:24] [Render thread/INFO]: Created: 1024x512x0 minecraft:textures/atlas/gui.png-atlas
[11:30:24] [Render thread/INFO]: Created: 64x64x0 minecraft:textures/atlas/map_decorations.png-atlas
[11:30:24] [Render thread/INFO]: Created: 256x256x0 minecraft:textures/atlas/signs.png-atlas
[11:30:24] [Render thread/INFO]: Created: 512x256x0 minecraft:textures/atlas/shulker_boxes.png-atlas
[11:30:32] [Render thread/INFO]: Loaded 1461 recipes
[11:30:32] [Render thread/INFO]: Loaded 1574 advancements
[11:30:38] [Server thread/INFO]: Starting integrated minecraft server version 1.21.10
[11:30:38] [Server thread/INFO]: Generating keypair
[11:30:39] [Server thread/INFO]: Selecting global world spawn...
[11:30:41] [Server thread/INFO]: Loading 0 persistent chunks...
[11:30:41] [Server thread/INFO]: Preparando área de nascimento: 16%
[11:30:42] [Server thread/INFO]: Loading 48 chunks for player spawn...
[11:30:42] [Server thread/INFO]: Preparando área de nascimento: 16%
[11:30:42] [Server thread/INFO]: Preparando área de nascimento: 16%
[11:30:42] [Server thread/INFO]: Preparando área de nascimento: 16%
[11:30:42] [Server thread/INFO]: Preparando área de nascimento: 16%
[11:30:42] [Server thread/INFO]: Preparando área de nascimento: 16%
[11:30:42] [Server thread/INFO]: Preparando área de nascimento: 16%
[11:30:42] [Server thread/INFO]: Preparando área de nascimento: 16%
[11:30:43] [Server thread/INFO]: Preparando área de nascimento: 30%
[11:30:43] [Server thread/INFO]: Preparando área de nascimento: 32%
[11:30:44] [Server thread/INFO]: Preparando área de nascimento: 58%
[11:30:44] [Server thread/INFO]: Time elapsed: 5147 ms
[11:30:44] [Server thread/INFO]: Ultramanos01[local:E:89119169] logged in with entity id 17 at (35.5, 75.0, -286.5)
[11:30:44] [Server thread/INFO]: Ultramanos01 entrou no jogo
[11:30:44] [Render thread/INFO]: Resizing Dynamic Transforms UBO, capacity limit of 2 reached during a single frame. New capacity will be 4.
[11:30:44] [Server thread/INFO]: Changing view distance to 12, from 10
[11:30:44] [Server thread/INFO]: Changing simulation distance to 12, from 0
[11:30:44] [Render thread/INFO]: Resizing Dynamic Transforms UBO, capacity limit of 4 reached during a single frame. New capacity will be 8.
[11:30:44] [Render thread/INFO]: Loaded 2 advancements
[11:30:44] [Render thread/INFO]: Resizing Dynamic Transforms UBO, capacity limit of 8 reached during a single frame. New capacity will be 16.
[11:30:45] [Render thread/INFO]: Resizing Dynamic Transforms UBO, capacity limit of 16 reached during a single frame. New capacity will be 32.
[11:30:45] [Render thread/INFO]: Resizing Dynamic Transforms UBO, capacity limit of 32 reached during a single frame. New capacity will be 64.
[11:30:46] [Server thread/INFO]: Saving and pausing game...
[11:30:46] [Server thread/INFO]: Saving chunks for level 'ServerLevel[Novo mundo]'/minecraft:overworld
[11:30:46] [Server thread/INFO]: Saving chunks for level 'ServerLevel[Novo mundo]'/minecraft:the_end
[11:30:46] [Server thread/INFO]: Saving chunks for level 'ServerLevel[Novo mundo]'/minecraft:the_nether
[11:31:36] [Render thread/INFO]: Resizing Dynamic Transforms UBO, capacity limit of 64 reached during a single frame. New capacity will be 128.
[11:31:37] [Render thread/INFO]: Resizing Dynamic Transforms UBO, capacity limit of 128 reached during a single frame. New capacity will be 256.
[11:31:37] [Render thread/INFO]: Resizing Dynamic Transforms UBO, capacity limit of 256 reached during a single frame. New capacity will be 512.
[11:31:37] [Render thread/INFO]: Resizing Dynamic Transforms UBO, capacity limit of 512 reached during a single frame. New capacity will be 1024.
[11:31:39] [Render thread/INFO]: Resizing Dynamic Transforms UBO, capacity limit of 1024 reached during a single frame. New capacity will be 2048.
[11:32:12] [Render thread/INFO]: Loaded 4 advancements
[11:32:14] [Render thread/INFO]: Loaded 8 advancements
[11:32:20] [Render thread/INFO]: Loaded 9 advancements
[11:32:39] [Render thread/INFO]: Loaded 12 advancements
[11:32:49] [Server thread/INFO]: [Ultramanos01: Modo de jogo definido para Modo Sobrevivência]
[11:32:49] [Render thread/INFO]: [System] [CHAT] Modo de jogo definido para Modo Sobrevivência
[11:33:00] [Server thread/INFO]: Saving and pausing game...
[11:33:00] [Server thread/INFO]: Saving chunks for level 'ServerLevel[Novo mundo]'/minecraft:overworld
[11:33:00] [Server thread/INFO]: Saving chunks for level 'ServerLevel[Novo mundo]'/minecraft:the_end
[11:33:00] [Server thread/INFO]: Saving chunks for level 'ServerLevel[Novo mundo]'/minecraft:the_nether
[11:33:02] [Server thread/INFO]: Ultramanos01 lost connection: Desconectado
[11:33:02] [Server thread/INFO]: Ultramanos01 saiu do jogo
[11:33:02] [Server thread/INFO]: Stopping singleplayer server as player logged out
[11:33:02] [Server thread/INFO]: Stopping server
[11:33:02] [Server thread/INFO]: Saving players
[11:33:02] [Server thread/INFO]: Saving worlds
[11:33:02] [Server thread/INFO]: Saving chunks for level 'ServerLevel[Novo mundo]'/minecraft:overworld
[11:33:03] [Server thread/INFO]: Saving chunks for level 'ServerLevel[Novo mundo]'/minecraft:the_end
[11:33:03] [Server thread/INFO]: Saving chunks for level 'ServerLevel[Novo mundo]'/minecraft:the_nether
[11:33:03] [Server thread/INFO]: ThreadedAnvilChunkStorage (Novo mundo): All chunks are saved
[11:33:03] [Server thread/INFO]: ThreadedAnvilChunkStorage (DIM1): All chunks are saved
[11:33:03] [Server thread/INFO]: ThreadedAnvilChunkStorage (DIM-1): All chunks are saved
[11:33:03] [Server thread/INFO]: ThreadedAnvilChunkStorage: All dimensions are saved
[11:33:04] [Render thread/INFO]: Stopping!
