[10:38:59] [Datafixer Bootstrap/INFO]: 287 Datafixer optimizations took 474 milliseconds
[10:39:04] [Render thread/INFO]: Environment: Environment[sessionHost=https://sessionserver.mojang.com, servicesHost=https://api.minecraftservices.com, profilesHost=https://api.mojang.com, name=PROD]
[10:39:04] [Render thread/INFO]: Setting user: Ultramanos01
[10:39:04] [Render thread/INFO]: Backend library: LWJGL version 3.3.3+5
[10:39:05] [Render thread/INFO]: Using optional rendering extensions: GL_ARB_buffer_storage, GL_KHR_debug, GL_ARB_vertex_attrib_binding, GL_ARB_direct_state_access, GL_EXT_texture_filter_anisotropic
[10:39:06] [Render thread/INFO]: Reloading ResourceManager: vanilla
[10:39:06] [Worker-Main-10/INFO]: Found unifont_all_no_pua-17.0.01.hex, loading
[10:39:06] [Worker-Main-12/INFO]: Found unifont_pua-17.0.01.hex, loading
[10:39:06] [Worker-Main-7/INFO]: Found unifont_jp_patch-17.0.01.hex, loading
[10:39:08] [Render thread/INFO]: OpenAL initialized on device OpenAL Soft on Fones de ouvido (QCY H3 Stereo)
[10:39:08] [Render thread/INFO]: Sound engine started
[10:39:08] [Render thread/INFO]: Created: 512x256x0 minecraft:textures/atlas/particles.png-atlas
[10:39:08] [Render thread/INFO]: Created: 128x128x0 minecraft:textures/atlas/decorated_pot.png-atlas
[10:39:08] [Render thread/INFO]: Created: 2048x1024x0 minecraft:textures/atlas/armor_trims.png-atlas
[10:39:08] [Render thread/INFO]: Created: 512x256x0 minecraft:textures/atlas/paintings.png-atlas
[10:39:08] [Render thread/INFO]: Created: 1024x512x0 minecraft:textures/atlas/shield_patterns.png-atlas
[10:39:08] [Render thread/INFO]: Created: 2048x2048x4 minecraft:textures/atlas/blocks.png-atlas
[10:39:08] [Render thread/INFO]: Created: 512x512x0 minecraft:textures/atlas/chest.png-atlas
[10:39:08] [Render thread/INFO]: Created: 256x128x0 minecraft:textures/atlas/celestials.png-atlas
[10:39:08] [Render thread/INFO]: Created: 1024x512x0 minecraft:textures/atlas/banner_patterns.png-atlas
[10:39:08] [Render thread/INFO]: Created: 512x512x0 minecraft:textures/atlas/beds.png-atlas
[10:39:08] [Render thread/INFO]: Created: 1024x512x0 minecraft:textures/atlas/items.png-atlas
[10:39:08] [Render thread/INFO]: Created: 1024x1024x0 minecraft:textures/atlas/gui.png-atlas
[10:39:08] [Render thread/INFO]: Created: 128x64x0 minecraft:textures/atlas/map_decorations.png-atlas
[10:39:08] [Render thread/INFO]: Created: 512x256x0 minecraft:textures/atlas/signs.png-atlas
[10:39:08] [Render thread/INFO]: Created: 512x512x0 minecraft:textures/atlas/shulker_boxes.png-atlas
[10:39:39] [Render thread/INFO]: Reloading ResourceManager: vanilla
[10:39:39] [Worker-Main-10/INFO]: Found unifont_pua-17.0.01.hex, loading
[10:39:39] [Worker-Main-3/INFO]: Found unifont_all_no_pua-17.0.01.hex, loading
[10:39:39] [Worker-Main-13/INFO]: Found unifont_jp_patch-17.0.01.hex, loading
[10:39:40] [Render thread/INFO]: OpenAL initialized on device OpenAL Soft on Fones de ouvido (QCY H3 Stereo)
[10:39:40] [Render thread/INFO]: Sound engine started
[10:39:40] [Render thread/INFO]: Created: 512x256x0 minecraft:textures/atlas/particles.png-atlas
[10:39:40] [Render thread/INFO]: Created: 128x128x0 minecraft:textures/atlas/decorated_pot.png-atlas
[10:39:40] [Render thread/INFO]: Created: 2048x1024x0 minecraft:textures/atlas/armor_trims.png-atlas
[10:39:40] [Render thread/INFO]: Created: 512x256x0 minecraft:textures/atlas/paintings.png-atlas
[10:39:40] [Render thread/INFO]: Created: 1024x512x0 minecraft:textures/atlas/shield_patterns.png-atlas
[10:39:40] [Render thread/INFO]: Created: 2048x2048x4 minecraft:textures/atlas/blocks.png-atlas
[10:39:40] [Render thread/INFO]: Created: 512x512x0 minecraft:textures/atlas/chest.png-atlas
[10:39:40] [Render thread/INFO]: Created: 256x128x0 minecraft:textures/atlas/celestials.png-atlas
[10:39:40] [Render thread/INFO]: Created: 1024x512x0 minecraft:textures/atlas/banner_patterns.png-atlas
[10:39:40] [Render thread/INFO]: Created: 512x512x0 minecraft:textures/atlas/beds.png-atlas
[10:39:40] [Render thread/INFO]: Created: 1024x512x0 minecraft:textures/atlas/items.png-atlas
[10:39:40] [Render thread/INFO]: Created: 1024x1024x0 minecraft:textures/atlas/gui.png-atlas
[10:39:40] [Render thread/INFO]: Created: 128x64x0 minecraft:textures/atlas/map_decorations.png-atlas
[10:39:40] [Render thread/INFO]: Created: 512x256x0 minecraft:textures/atlas/signs.png-atlas
[10:39:40] [Render thread/INFO]: Created: 512x512x0 minecraft:textures/atlas/shulker_boxes.png-atlas
[10:39:48] [Render thread/INFO]: Loaded 1470 recipes
[10:39:48] [Render thread/INFO]: Loaded 1584 advancements
[10:39:55] [Server thread/INFO]: Starting integrated minecraft server version 1.21.11
[10:39:55] [Server thread/INFO]: Generating keypair
[10:39:55] [Server thread/INFO]: Selecting global world spawn...
[10:39:57] [Server thread/INFO]: Loading 0 persistent chunks...
[10:39:57] [Server thread/INFO]: Preparando área de nascimento: 16%
[10:39:57] [Server thread/INFO]: Loading 48 chunks for player spawn...
[10:39:57] [Server thread/INFO]: Preparando área de nascimento: 16%
[10:39:57] [Server thread/INFO]: Preparando área de nascimento: 16%
[10:39:57] [Server thread/INFO]: Preparando área de nascimento: 16%
[10:39:58] [Server thread/INFO]: Preparando área de nascimento: 16%
[10:39:58] [Server thread/INFO]: Preparando área de nascimento: 16%
[10:39:58] [Server thread/INFO]: Preparando área de nascimento: 16%
[10:39:59] [Server thread/INFO]: Preparando área de nascimento: 30%
[10:39:59] [Server thread/INFO]: Preparando área de nascimento: 30%
[10:40:00] [Server thread/INFO]: Preparando área de nascimento: 58%
[10:40:00] [Server thread/INFO]: Preparando área de nascimento: 58%
[10:40:00] [Server thread/INFO]: Time elapsed: 5134 ms
[10:40:00] [Server thread/INFO]: Ultramanos01[local:E:6ed50caa] logged in with entity id 21 at (10.5, 65.0, -61.5)
[10:40:00] [Server thread/INFO]: Ultramanos01 entrou no jogo
[10:40:01] [Server thread/INFO]: Changing view distance to 16, from 10
[10:40:01] [Server thread/INFO]: Changing simulation distance to 12, from 0
[10:40:01] [Render thread/INFO]: Loaded 2 advancements
[10:40:01] [Render thread/INFO]: Resizing Dynamic Transforms UBO, capacity limit of 2 reached during a single frame. New capacity will be 4.
[10:40:01] [Render thread/INFO]: Resizing Dynamic Transforms UBO, capacity limit of 4 reached during a single frame. New capacity will be 8.
[10:40:01] [Render thread/INFO]: Resizing Chunk Sections UBO, capacity limit of 2 reached during a single frame. New capacity will be 4.
[10:40:01] [Render thread/INFO]: Resizing Chunk Sections UBO, capacity limit of 4 reached during a single frame. New capacity will be 8.
[10:40:01] [Render thread/INFO]: Resizing Chunk Sections UBO, capacity limit of 8 reached during a single frame. New capacity will be 16.
[10:40:02] [Render thread/INFO]: Resizing Chunk Sections UBO, capacity limit of 16 reached during a single frame. New capacity will be 32.
[10:40:03] [Render thread/INFO]: Resizing Dynamic Transforms UBO, capacity limit of 8 reached during a single frame. New capacity will be 16.
[10:40:03] [Render thread/INFO]: Resizing Chunk Sections UBO, capacity limit of 32 reached during a single frame. New capacity will be 64.
[10:40:05] [Render thread/INFO]: Resizing Chunk Sections UBO, capacity limit of 64 reached during a single frame. New capacity will be 128.
[10:40:07] [Render thread/INFO]: Resizing Chunk Sections UBO, capacity limit of 128 reached during a single frame. New capacity will be 256.
[10:40:12] [Render thread/INFO]: Resizing Chunk Sections UBO, capacity limit of 256 reached during a single frame. New capacity will be 512.
[10:40:22] [Render thread/INFO]: Resizing Chunk Sections UBO, capacity limit of 512 reached during a single frame. New capacity will be 1024.
[10:40:26] [Render thread/INFO]: Loaded 4 advancements
[10:40:43] [Render thread/INFO]: Loaded 7 advancements
[10:40:51] [Server thread/INFO]: Saving and pausing game...
[10:40:51] [Server thread/INFO]: Saving chunks for level 'ServerLevel[Novo mundo]'/minecraft:overworld
[10:40:51] [Server thread/INFO]: Saving chunks for level 'ServerLevel[Novo mundo]'/minecraft:the_nether
[10:40:51] [Server thread/INFO]: Saving chunks for level 'ServerLevel[Novo mundo]'/minecraft:the_end
[10:41:02] [Server thread/INFO]: [Ultramanos01: Modo de jogo definido para Modo Sobrevivência]
[10:41:02] [Render thread/INFO]: [System] [CHAT] Modo de jogo definido para Modo Sobrevivência
[10:41:16] [Server thread/INFO]: [Ultramanos01: Modo de jogo definido para Modo Criativo]
[10:41:17] [Render thread/INFO]: [System] [CHAT] Modo de jogo definido para Modo Criativo
[10:42:48] [Render thread/INFO]: Loaded 11 advancements
[10:42:58] [Render thread/INFO]: Loaded 12 advancements
[10:43:29] [Server thread/INFO]: [Ultramanos01: Modo de jogo definido para Modo Sobrevivência]
[10:43:29] [Render thread/INFO]: [System] [CHAT] Modo de jogo definido para Modo Sobrevivência
[10:43:52] [Server thread/INFO]: Saving and pausing game...
[10:43:52] [Server thread/INFO]: Saving chunks for level 'ServerLevel[Novo mundo]'/minecraft:overworld
[10:43:52] [Server thread/INFO]: Saving chunks for level 'ServerLevel[Novo mundo]'/minecraft:the_nether
[10:43:52] [Server thread/INFO]: Saving chunks for level 'ServerLevel[Novo mundo]'/minecraft:the_end
[10:43:53] [Server thread/INFO]: Ultramanos01 lost connection: Desconectado
[10:43:53] [Server thread/INFO]: Ultramanos01 saiu do jogo
[10:43:53] [Server thread/INFO]: Stopping singleplayer server as player logged out
[10:43:53] [Server thread/INFO]: Stopping server
[10:43:53] [Server thread/INFO]: Saving players
[10:43:53] [Server thread/INFO]: Saving worlds
[10:43:53] [Server thread/INFO]: Saving chunks for level 'ServerLevel[Novo mundo]'/minecraft:overworld
[10:43:54] [Server thread/INFO]: Saving chunks for level 'ServerLevel[Novo mundo]'/minecraft:the_nether
[10:43:54] [Server thread/INFO]: Saving chunks for level 'ServerLevel[Novo mundo]'/minecraft:the_end
[10:43:54] [Server thread/INFO]: ThreadedAnvilChunkStorage (Novo mundo): All chunks are saved
[10:43:54] [Server thread/INFO]: ThreadedAnvilChunkStorage (DIM-1): All chunks are saved
[10:43:54] [Server thread/INFO]: ThreadedAnvilChunkStorage (DIM1): All chunks are saved
[10:43:54] [Server thread/INFO]: ThreadedAnvilChunkStorage: All dimensions are saved
[10:43:55] [Render thread/INFO]: Stopping!
